{"logTime": "0610/000138", "correlationVector":"XQ3sW/xgBe2Bk2OFW31hwa.1","action":"SyncServerConnectionManagerRequest", "result":"SYNC_SERVER_OK", "context":{"environment":"Prod_brazilsouth_prod-s01-001-sam-brazilsouth", "migrationStage":"NotStarted", "server":"akswtt005000015"}}
{"logTime": "0610/000138", "correlationVector":"XQ3sW/xgBe2Bk2OFW31hwa.2","action":"ProcessGetUpdates", "result":"Done", "context":{"dataType":"Encryption Keys", "deleted":"0", "process_failed_to_decrypt":"0", "process_pending_decryption":"0", "process_success":"1", "total":"1"}}
{"logTime": "0610/000139", "correlationVector":"LJ+O2dTwfTHJ71uYlGC0An","action":"SyncServerConnectionManagerRequest", "result":"SYNC_SERVER_OK", "context":{"environment":"", "migrationStage":"", "server":""}}
{"logTime": "0610/000139", "correlationVector":"LJ+O2dTwfTHJ71uYlGC0An.0","action":"EncryptionKeysFetcher.DownloadKeys:", "result":"Success", "context":Key count: 7, Last key timestamp: 2026-04-15T03:41:03Z}
{"logTime": "0610/000139", "correlationVector":"LJ+O2dTwfTHJ71uYlGC0An.1","action":"EncryptionKeysManager::SetEncryptionKeys:", "result":"Success", "context":Key names[7]:[fqhcJ1IvFAhh+J6teOk0tOuBzB7rq8EWWCC35edip3HjOiNZ9TVQxdg2VigLnH0u1rtP9tSm5YVKk4dpyoP/mg==][PeS86nLTrPDW9+PCLZe15NiP7x4ByDEj3wOwD16JJsDIY07SjAg8I1efnTSUeMBdSxHGTFGfTTMj2tNdeWtvxw==][sjjKsFhnsEilFINw56PAUkiKV9Ro/H0OyKwfRcjXReQvaL0j4EDyyjkJqHcp7d8zdHwedDIfDGhaZzDH3BHx4A==][i/DUbPLooigvpNulPCF5DsupIjB4Ddjzy1sQoNLP8NouEJycktKf/Px3BOAOeSyA3oaTd9p78M4BZxV92JMjTQ==][MRkiol5Ht1N17DAm1LuiKKgVo63dWqCWarCyUHtP4tTnV1FuRRNwIzqB/dVFQuu97q++/B9obAmZUCEXB0kq3g==][gK7QWNkIZqD/n5sMP0HKyb4SSppc7I4W2A+b7O4DcCe6+bUKdMlZesXHDhEU9sq2RqXjbodyqnYICYa9GyXS5g==][sr8Wzw1D4oizgPpGhg0UqR2DTAwu8Wnui3JT6F3eF6eHLziHdeB0xU5eLzQMfCFFVmvFB1Q9hy6uZjl2fDFniw==]}
{"logTime": "0610/000139", "correlationVector":"LJ+O2dTwfTHJ71uYlGC0An.2","action":"EncryptionKeysManager::SetEncryptionKeysWithTimestamps:", "result":"Success", "context":Key timestamps[7]:[2023-02-05T19:19:27Z][2023-08-07T00:59:27Z][2023-09-07T02:29:06Z][2024-06-14T00:24:46Z][2024-12-11T21:30:38Z][2025-03-10T07:25:27Z][2026-04-15T03:41:03Z]}
{"logTime": "0610/000139", "correlationVector":"XQ3sW/xgBe2Bk2OFW31hwa","action":"Initial GetUpdates", "result":"", "context":Reason: NEW_CLIENT. cV=XQ3sW/xgBe2Bk2OFW31hwa}
{"logTime": "0610/000139", "correlationVector":"XQ3sW/xgBe2Bk2OFW31hwa.3","action":"GetUpdates Response", "result":"Success", "context":Received 1 update(s). cV=XQ3sW/xgBe2Bk2OFW31hwa.0;server=akswtt005000015;cloudType=Consumer;environment=Prod_brazilsouth_prod-s01-001-sam-brazilsouth;migrationStage=NotStarted}
{"logTime": "0610/000139", "correlationVector":"nBGWPnml7T13sYDlNLT+5N","action":"Initial GetUpdates", "result":"", "context":Reason: NEWLY_SUPPORTED_DATATYPE. cV=nBGWPnml7T13sYDlNLT+5N}
{"logTime": "0610/000139", "correlationVector":"nBGWPnml7T13sYDlNLT+5N.1","action":"SyncServerConnectionManagerRequest", "result":"SYNC_SERVER_OK", "context":{"environment":"Prod_brazilsouth_prod-s01-001-sam-brazilsouth", "migrationStage":"NotStarted", "server":"akswtt00500000f"}}
{"logTime": "0610/000139", "correlationVector":"nBGWPnml7T13sYDlNLT+5N.2","action":"ProcessGetUpdates", "result":"Done", "context":{"dataType":"Preferences", "deleted":"0", "process_failed_to_decrypt":"0", "process_pending_decryption":"0", "process_success":"70", "total":"70"}}
{"logTime": "0610/000139", "correlationVector":"nBGWPnml7T13sYDlNLT+5N.3","action":"ProcessGetUpdates", "result":"Done", "context":{"dataType":"Passwords", "deleted":"0", "process_failed_to_decrypt":"0", "process_pending_decryption":"0", "process_success":"13", "total":"13"}}
{"logTime": "0610/000139", "correlationVector":"nBGWPnml7T13sYDlNLT+5N.4","action":"ProcessGetUpdates", "result":"Done", "context":{"dataType":"Device Info", "deleted":"0", "process_failed_to_decrypt":"0", "process_pending_decryption":"0", "process_success":"19", "total":"19"}}
{"logTime": "0610/000139", "correlationVector":"nBGWPnml7T13sYDlNLT+5N.5","action":"GetUpdates Response", "result":"Success", "context":Received 102 update(s). cV=nBGWPnml7T13sYDlNLT+5N.0;server=akswtt00500000f;cloudType=Consumer;environment=Prod_brazilsouth_prod-s01-001-sam-brazilsouth;migrationStage=NotStarted}
{"logTime": "0610/000139", "correlationVector":"nAfHnYu1PlGNDOk2FkPZ/0","action":"Initial GetUpdates", "result":"", "context":Reason: NEWLY_SUPPORTED_DATATYPE. cV=nAfHnYu1PlGNDOk2FkPZ/0}
{"logTime": "0610/000139", "correlationVector":"nAfHnYu1PlGNDOk2FkPZ/0.1","action":"SyncServerConnectionManagerRequest", "result":"SYNC_SERVER_OK", "context":{"environment":"Prod_brazilsouth_prod-s01-001-sam-brazilsouth", "migrationStage":"NotStarted", "server":"akswtt005000014"}}
{"logTime": "0610/000139", "correlationVector":"nAfHnYu1PlGNDOk2FkPZ/0.2","action":"ProcessGetUpdates", "result":"Done", "context":{"dataType":"Bookmarks", "deleted":"0", "process_failed_to_decrypt":"0", "process_pending_decryption":"0", "process_success":"54", "total":"54"}}
{"logTime": "0610/000139", "correlationVector":"nAfHnYu1PlGNDOk2FkPZ/0.3","action":"GetUpdates Response", "result":"Success", "context":Received 54 update(s). cV=nAfHnYu1PlGNDOk2FkPZ/0.0;server=akswtt005000014;cloudType=Consumer;environment=Prod_brazilsouth_prod-s01-001-sam-brazilsouth;migrationStage=NotStarted}
{"logTime": "0610/000139", "correlationVector":"YXlu/nxMyKw83Wfo2ugEpG","action":"Initial GetUpdates", "result":"", "context":Reason: NEWLY_SUPPORTED_DATATYPE. cV=YXlu/nxMyKw83Wfo2ugEpG}
{"logTime": "0610/000139", "correlationVector":"YXlu/nxMyKw83Wfo2ugEpG.1","action":"SyncServerConnectionManagerRequest", "result":"SYNC_SERVER_OK", "context":{"environment":"Prod_brazilsouth_prod-s01-001-sam-brazilsouth", "migrationStage":"NotStarted", "server":"akswtt005000016"}}
{"logTime": "0610/000139", "correlationVector":"YXlu/nxMyKw83Wfo2ugEpG.2","action":"ProcessGetUpdates", "result":"Done", "context":{"dataType":"Autofill Profiles", "deleted":"17", "process_failed_to_decrypt":"0", "process_pending_decryption":"0", "process_success":"17", "total":"17"}}
{"logTime": "0610/000139", "correlationVector":"YXlu/nxMyKw83Wfo2ugEpG.3","action":"ProcessGetUpdates", "result":"Done", "context":{"dataType":"Autofill", "deleted":"232", "process_failed_to_decrypt":"0", "process_pending_decryption":"0", "process_success":"233", "total":"233"}}
{"logTime": "0610/000139", "correlationVector":"YXlu/nxMyKw83Wfo2ugEpG.4","action":"GetUpdates Response", "result":"Success", "context":Received 250 update(s). cV=YXlu/nxMyKw83Wfo2ugEpG.0;server=akswtt005000016;cloudType=Consumer;environment=Prod_brazilsouth_prod-s01-001-sam-brazilsouth;migrationStage=NotStarted Some updates remain.}
{"logTime": "0610/000139", "correlationVector":"5kD5Yt4wFX7Oz0SlD4I9oE","action":"Initial GetUpdates", "result":"", "context":Reason: NEWLY_SUPPORTED_DATATYPE. cV=5kD5Yt4wFX7Oz0SlD4I9oE}
{"logTime": "0610/000139", "correlationVector":"5kD5Yt4wFX7Oz0SlD4I9oE.1","action":"SyncServerConnectionManagerRequest", "result":"SYNC_SERVER_OK", "context":{"environment":"Prod_brazilsouth_prod-s01-001-sam-brazilsouth", "migrationStage":"NotStarted", "server":"akswtt00500001b"}}
{"logTime": "0610/000139", "correlationVector":"5kD5Yt4wFX7Oz0SlD4I9oE.2","action":"ProcessGetUpdates", "result":"Done", "context":{"dataType":"Autofill", "deleted":"28", "process_failed_to_decrypt":"0", "process_pending_decryption":"0", "process_success":"28", "total":"28"}}
{"logTime": "0610/000139", "correlationVector":"5kD5Yt4wFX7Oz0SlD4I9oE.3","action":"ProcessGetUpdates", "result":"Done", "context":{"dataType":"Sessions", "deleted":"12", "process_failed_to_decrypt":"0", "process_pending_decryption":"0", "process_success":"36", "total":"36"}}
{"logTime": "0610/000139", "correlationVector":"5kD5Yt4wFX7Oz0SlD4I9oE.4","action":"GetUpdates Response", "result":"Success", "context":Received 64 update(s). cV=5kD5Yt4wFX7Oz0SlD4I9oE.0;server=akswtt00500001b;cloudType=Consumer;environment=Prod_brazilsouth_prod-s01-001-sam-brazilsouth;migrationStage=NotStarted}
{"logTime": "0610/000140", "correlationVector":"+QS0QRzBHMakGX5N3js080","action":"Initial GetUpdates", "result":"", "context":Reason: NEWLY_SUPPORTED_DATATYPE. cV=+QS0QRzBHMakGX5N3js080}
{"logTime": "0610/000140", "correlationVector":"+QS0QRzBHMakGX5N3js080.1","action":"SyncServerConnectionManagerRequest", "result":"SYNC_SERVER_OK", "context":{"environment":"Prod_brazilsouth_prod-s01-001-sam-brazilsouth", "migrationStage":"NotStarted", "server":"akswtt00500000f"}}
{"logTime": "0610/000140", "correlationVector":"+QS0QRzBHMakGX5N3js080.2","action":"ProcessGetUpdates", "result":"Done", "context":{"dataType":"History", "deleted":"0", "process_failed_to_decrypt":"0", "process_pending_decryption":"0", "process_success":"59", "total":"59"}}
{"logTime": "0610/000140", "correlationVector":"+QS0QRzBHMakGX5N3js080.3","action":"GetUpdates Response", "result":"Success", "context":Received 59 update(s). cV=+QS0QRzBHMakGX5N3js080.0;server=akswtt00500000f;cloudType=Consumer;environment=Prod_brazilsouth_prod-s01-001-sam-brazilsouth;migrationStage=NotStarted}
{"logTime": "0610/000140", "correlationVector":"+vnDAxYT6Rcb8u3AQnwkxw","action":"Normal GetUpdate request", "result":"", "context":cV=+vnDAxYT6Rcb8u3AQnwkxw
Nudged types: Sessions, Device Info, User Consents
Refresh requested types: Bookmarks, Preferences, Passwords, Autofill Profiles, Autofill, Extensions, Sessions, Extension settings, History Delete Directives, Device Info, User Consents, Send Tab To Self, Web Apps, History, Saved Tab Group, WebAuthn Credentials, Edge E Drop, Edge Hub App Usage, Edge Wallet, Edge Workspace, Encryption Keys}
{"logTime": "0610/000140", "correlationVector":"+vnDAxYT6Rcb8u3AQnwkxw.1","action":"SyncServerConnectionManagerRequest", "result":"SYNC_SERVER_OK", "context":{"environment":"Prod_brazilsouth_prod-s01-001-sam-brazilsouth", "migrationStage":"NotStarted", "server":"akswtt005000015"}}
{"logTime": "0610/000140", "correlationVector":"+vnDAxYT6Rcb8u3AQnwkxw.2","action":"GetUpdates Response", "result":"Success", "context":Received 0 update(s). cV=+vnDAxYT6Rcb8u3AQnwkxw.0;server=akswtt005000015;cloudType=Consumer;environment=Prod_brazilsouth_prod-s01-001-sam-brazilsouth;migrationStage=NotStarted}
{"logTime": "0610/000140", "correlationVector":"Y94oRq6Ia0SoZaRaruADOh","action":"DoCompareDataConsistency requsted types: ", "result":"Bookmarks, Preferences, Passwords, Extensions, Extension settings, History Delete Directives, Send Tab To Self, Web Apps, History, Saved Tab Group, WebAuthn Credentials, Edge E Drop, Edge Wallet, Edge Workspace, Encryption Keys"}
{"logTime": "0610/000140", "correlationVector":"Y94oRq6Ia0SoZaRaruADOh.0","action":"CompareDataConsistency result: ", "result":"Compare result: Encryption Keys is consistent. local entities count is: 1 local entities hash is: ZeHEu2QdbWasRzMP+ZByfHjF6QA="}
{"logTime": "0610/000140", "correlationVector":"Y94oRq6Ia0SoZaRaruADOh.1","action":"CompareDataConsistency result: ", "result":"Compare result: Bookmarks is consistent. local entities count is: 48 local entities hash is: REWd+8cH8kGTPgN+gfxrB6W2Aj8="}
{"logTime": "0610/000140", "correlationVector":"Y94oRq6Ia0SoZaRaruADOh.2","action":"CompareDataConsistency result: ", "result":"Compare result: Preferences is consistent. local entities count is: 70 local entities hash is: oaQgSSNWZ9zBs3emjI6rtV8tnEw="}
{"logTime": "0610/000140", "correlationVector":"Y94oRq6Ia0SoZaRaruADOh.3","action":"CompareDataConsistency result: ", "result":"Compare result: Extensions is consistent. local entities count is: 0 local entities hash is: "}
{"logTime": "0610/000140", "correlationVector":"Y94oRq6Ia0SoZaRaruADOh.4","action":"CompareDataConsistency result: ", "result":"Compare result: Extension settings is consistent. local entities count is: 0 local entities hash is: "}
{"logTime": "0610/000140", "correlationVector":"Y94oRq6Ia0SoZaRaruADOh.5","action":"CompareDataConsistency result: ", "result":"Compare result: History Delete Directives is consistent. local entities count is: 0 local entities hash is: "}
{"logTime": "0610/000140", "correlationVector":"Y94oRq6Ia0SoZaRaruADOh.6","action":"CompareDataConsistency result: ", "result":"Server did not send this Send Tab To Self local entities count is: 0 local entities hash is: "}
{"logTime": "0610/000140", "correlationVector":"Y94oRq6Ia0SoZaRaruADOh.7","action":"CompareDataConsistency result: ", "result":"Compare result: Web Apps is consistent. local entities count is: 0 local entities hash is: "}
{"logTime": "0610/000140", "correlationVector":"Y94oRq6Ia0SoZaRaruADOh.8","action":"CompareDataConsistency result: ", "result":"Server did not send this History local entities count is: 0 local entities hash is: "}
{"logTime": "0610/000140", "correlationVector":"Y94oRq6Ia0SoZaRaruADOh.9","action":"CompareDataConsistency result: ", "result":"Compare result: Saved Tab Group is consistent. local entities count is: 0 local entities hash is: "}
{"logTime": "0610/000140", "correlationVector":"Y94oRq6Ia0SoZaRaruADOh.10","action":"CompareDataConsistency result: ", "result":"Server did not send this WebAuthn Credentials local entities count is: 0 local entities hash is: "}
{"logTime": "0610/000140", "correlationVector":"Y94oRq6Ia0SoZaRaruADOh.11","action":"CompareDataConsistency result: ", "result":"Compare result: Edge E Drop is consistent. local entities count is: 0 local entities hash is: "}
{"logTime": "0610/000140", "correlationVector":"Y94oRq6Ia0SoZaRaruADOh.12","action":"CompareDataConsistency result: ", "result":"Compare result: Edge Wallet is consistent. local entities count is: 0 local entities hash is: "}
{"logTime": "0610/000140", "correlationVector":"Y94oRq6Ia0SoZaRaruADOh.13","action":"CompareDataConsistency result: ", "result":"Server did not send this Edge Workspace local entities count is: 0 local entities hash is: "}
{"logTime": "0610/000140", "correlationVector":"Y94oRq6Ia0SoZaRaruADOh.14","action":"CompareDataConsistency result: ", "result":"Compare result: Passwords is consistent. local entities count is: 13 local entities hash is: 5tEu+inwxK/aD4Nt+86Gv0/MoOg="}
{"logTime": "0610/000140", "correlationVector":"rAV8PHFZcOr/qYM8NYhSYN","action":"Commit Request", "result":"", "context":Item count: 4
Contributing types: Sessions, Device Info, User Consents}
{"logTime": "0610/000140", "correlationVector":"rAV8PHFZcOr/qYM8NYhSYN.1","action":"SyncServerConnectionManagerRequest", "result":"SYNC_SERVER_OK", "context":{"environment":"Prod_brazilsouth_prod-s01-001-sam-brazilsouth", "migrationStage":"NotStarted", "server":"akswtt00500001c"}}
{"logTime": "0610/000140", "correlationVector":"rAV8PHFZcOr/qYM8NYhSYN.2","action":"Commit Response", "result":"Success", "context":Result: Success. cV=rAV8PHFZcOr/qYM8NYhSYN.0;server=akswtt00500001c;cloudType=Consumer;environment=Prod_brazilsouth_prod-s01-001-sam-brazilsouth;migrationStage=NotStarted}
{"logTime": "0610/000140", "correlationVector":"","action":"DIAGNOSTIC_REQUEST|v1/diagnosticData/Diagnostic.SendCheckResult()|SUCCESS", "result":""}
{"logTime": "0610/000238", "correlationVector":"RS88zx8GPcFrAs6FrDAafo","action":"Commit Request", "result":"", "context":Item count: 8
Contributing types: Passwords, Sessions, History}
{"logTime": "0610/000238", "correlationVector":"RS88zx8GPcFrAs6FrDAafo.1","action":"SyncServerConnectionManagerRequest", "result":"SYNC_SERVER_OK", "context":{"environment":"Prod_brazilsouth_prod-s01-001-sam-brazilsouth", "migrationStage":"NotStarted", "server":"akswtt005000014"}}
{"logTime": "0610/000238", "correlationVector":"RS88zx8GPcFrAs6FrDAafo.2","action":"Commit Response", "result":"Success", "context":Result: Success. cV=RS88zx8GPcFrAs6FrDAafo.0;server=akswtt005000014;cloudType=Consumer;environment=Prod_brazilsouth_prod-s01-001-sam-brazilsouth;migrationStage=NotStarted}
{"logTime": "0610/003556", "correlationVector":"v58Q8idlRTBLr0/k5E20Md","action":"Commit Request", "result":"", "context":Item count: 1
Contributing types: Sessions}
{"logTime": "0610/003557", "correlationVector":"v58Q8idlRTBLr0/k5E20Md.1","action":"SyncServerConnectionManagerRequest", "result":"SYNC_SERVER_OK", "context":{"environment":"Prod_brazilsouth_prod-s01-001-sam-brazilsouth", "migrationStage":"NotStarted", "server":"akswtt005000017"}}
{"logTime": "0610/003557", "correlationVector":"v58Q8idlRTBLr0/k5E20Md.2","action":"Commit Response", "result":"Success", "context":Result: Success. cV=v58Q8idlRTBLr0/k5E20Md.0;server=akswtt005000017;cloudType=Consumer;environment=Prod_brazilsouth_prod-s01-001-sam-brazilsouth;migrationStage=NotStarted}
{"logTime": "0610/004929", "correlationVector":"XSJBviXSeC4Ku6mWiHqP6Z","action":"Commit Request", "result":"", "context":Item count: 1
Contributing types: Sessions}
{"logTime": "0610/004929", "correlationVector":"XSJBviXSeC4Ku6mWiHqP6Z.1","action":"SyncServerConnectionManagerRequest", "result":"SYNC_SERVER_OK", "context":{"environment":"Prod_brazilsouth_prod-s01-001-sam-brazilsouth", "migrationStage":"NotStarted", "server":"akswtt00500000q"}}
{"logTime": "0610/004929", "correlationVector":"XSJBviXSeC4Ku6mWiHqP6Z.2","action":"Commit Response", "result":"Success", "context":Result: Success. cV=XSJBviXSeC4Ku6mWiHqP6Z.0;server=akswtt00500000q;cloudType=Consumer;environment=Prod_brazilsouth_prod-s01-001-sam-brazilsouth;migrationStage=NotStarted}
{"logTime": "0610/022511", "correlationVector":"SIkcLSLxIeAmCbbPt0y1um","action":"Commit Request", "result":"", "context":Item count: 1
Contributing types: Sessions}
{"logTime": "0610/022512", "correlationVector":"SIkcLSLxIeAmCbbPt0y1um.1","action":"SyncServerConnectionManagerRequest", "result":"SYNC_SERVER_OK", "context":{"environment":"Prod_brazilsouth_prod-s01-034-sam-brazilsouth", "migrationStage":"NotStarted", "server":"akswtt10100001c"}}
{"logTime": "0610/022512", "correlationVector":"SIkcLSLxIeAmCbbPt0y1um.2","action":"Commit Response", "result":"Success", "context":Result: Success. cV=SIkcLSLxIeAmCbbPt0y1um.0;server=akswtt10100001c;cloudType=Consumer;environment=Prod_brazilsouth_prod-s01-034-sam-brazilsouth;migrationStage=NotStarted}
{"logTime": "0610/023512", "correlationVector":"OSgZZuFHvPuo0wApbl0+R1","action":"Commit Request", "result":"", "context":Item count: 1
Contributing types: Sessions}
{"logTime": "0610/023512", "correlationVector":"OSgZZuFHvPuo0wApbl0+R1.1","action":"SyncServerConnectionManagerRequest", "result":"SYNC_SERVER_OK", "context":{"environment":"Prod_brazilsouth_prod-s01-001-sam-brazilsouth", "migrationStage":"NotStarted", "server":"akswtt00500001i"}}
{"logTime": "0610/023512", "correlationVector":"OSgZZuFHvPuo0wApbl0+R1.2","action":"Commit Response", "result":"Success", "context":Result: Success. cV=OSgZZuFHvPuo0wApbl0+R1.0;server=akswtt00500001i;cloudType=Consumer;environment=Prod_brazilsouth_prod-s01-001-sam-brazilsouth;migrationStage=NotStarted}
{"logTime": "0610/025611", "correlationVector":"4zl+Z86iA6slUZeusIZDQE","action":"Commit Request", "result":"", "context":Item count: 1
Contributing types: Sessions}
{"logTime": "0610/025611", "correlationVector":"4zl+Z86iA6slUZeusIZDQE.1","action":"SyncServerConnectionManagerRequest", "result":"SYNC_SERVER_OK", "context":{"environment":"Prod_brazilsouth_prod-s01-001-sam-brazilsouth", "migrationStage":"NotStarted", "server":"akswtt00500001b"}}
{"logTime": "0610/025611", "correlationVector":"4zl+Z86iA6slUZeusIZDQE.2","action":"Commit Response", "result":"Success", "context":Result: Success. cV=4zl+Z86iA6slUZeusIZDQE.0;server=akswtt00500001b;cloudType=Consumer;environment=Prod_brazilsouth_prod-s01-001-sam-brazilsouth;migrationStage=NotStarted}
{"logTime": "0610/030706", "correlationVector":"4koS4wqK/m6LaeYebE0Ty6","action":"Commit Request", "result":"", "context":Item count: 3
Contributing types: Sessions, History}
{"logTime": "0610/030707", "correlationVector":"4koS4wqK/m6LaeYebE0Ty6.1","action":"SyncServerConnectionManagerRequest", "result":"SYNC_SERVER_OK", "context":{"environment":"Prod_brazilsouth_prod-s01-001-sam-brazilsouth", "migrationStage":"NotStarted", "server":"akswtt00500000q"}}
{"logTime": "0610/030707", "correlationVector":"4koS4wqK/m6LaeYebE0Ty6.2","action":"Commit Response", "result":"Success", "context":Result: Success. cV=4koS4wqK/m6LaeYebE0Ty6.0;server=akswtt00500000q;cloudType=Consumer;environment=Prod_brazilsouth_prod-s01-001-sam-brazilsouth;migrationStage=NotStarted}
{"logTime": "0610/030807", "correlationVector":"LIgqzWXv65ZvBtQEVt/e4u","action":"Commit Request", "result":"", "context":Item count: 3
Contributing types: Sessions, History}
{"logTime": "0610/030807", "correlationVector":"LIgqzWXv65ZvBtQEVt/e4u.1","action":"SyncServerConnectionManagerRequest", "result":"SYNC_SERVER_OK", "context":{"environment":"Prod_brazilsouth_prod-s01-001-sam-brazilsouth", "migrationStage":"NotStarted", "server":"akswtt005000013"}}
{"logTime": "0610/030807", "correlationVector":"LIgqzWXv65ZvBtQEVt/e4u.2","action":"Commit Response", "result":"Success", "context":Result: Success. cV=LIgqzWXv65ZvBtQEVt/e4u.0;server=akswtt005000013;cloudType=Consumer;environment=Prod_brazilsouth_prod-s01-001-sam-brazilsouth;migrationStage=NotStarted}
